// Jest Snapshot v1, https://goo.gl/fbAQLP

exports[`Home matches the snapshot 1`] = `
<div
  className="css-wno8gi"
>
  <header
    className="css-izscyd"
    data-testid="header-wrapper"
  >
    <h2
      className="css-0"
    >
      BROCCOLI & CO.
    </h2>
  </header>
  <div
    className="css-11ooj3h"
    data-testid="home-body"
  >
    <h1
      className="css-1qtzou5"
    >
      A better way
    </h1>
    <h1
      className="css-1qtzou5"
    >
      to enjoy every day.
    </h1>
    <h4
      className="css-1bcphut"
    >
      Be the first to know when we launch
    </h4>
    <button
      className="css-9vvphc"
      disabled={false}
      onClick={[Function]}
    >
      Request an invite
    </button>
  </div>
  <footer
    className="css-1cahot1"
    data-testid="footer-wrapper"
  >
    <p
      className="css-eh7lb7"
    >
      Made with ♥ in Melbourne
    </p>
    <p
      className="css-eh7lb7"
    >
      © 2016 Broccoli & Co. All rights reserved
    </p>
  </footer>
</div>
`;
